// Vitest Snapshot v1, https://vitest.dev/guide/snapshot.html

exports[`Donut > clampa valores fora do range [0,100] > clamped-negative 1`] = `"<svg role="img" aria-label="Donut: 0%" viewBox="0 0 120 120" width="120" height="120" preserveAspectRatio="xMidYMid meet" style="display:block"><circle cx="60" cy="60" r="54" fill="none" stroke="var(--bg-panel-alt)" stroke-width="12"></circle><text x="60" y="60" text-anchor="middle" dominant-baseline="central" fill="var(--ink)" font-family="var(--font-serif)" font-size="26.4" font-weight="400">0%</text></svg>"`;

exports[`Donut > clampa valores fora do range [0,100] > clamped-overflow 1`] = `"<svg role="img" aria-label="Donut: 100%" viewBox="0 0 120 120" width="120" height="120" preserveAspectRatio="xMidYMid meet" style="display:block"><circle cx="60" cy="60" r="54" fill="none" stroke="var(--bg-panel-alt)" stroke-width="12"></circle><circle cx="60" cy="60" r="54" fill="none" stroke="var(--accent)" stroke-width="12" stroke-dasharray="339.29200658769764 0" stroke-linecap="butt" transform="rotate(-90 60 60)"></circle><text x="60" y="60" text-anchor="middle" dominant-baseline="central" fill="var(--ink)" font-family="var(--font-serif)" font-size="26.4" font-weight="400">100%</text></svg>"`;

exports[`Donut > lida com valor 0 (apenas trilho, sem arco preenchido) 1`] = `"<svg role="img" aria-label="Donut: 0%" viewBox="0 0 120 120" width="120" height="120" preserveAspectRatio="xMidYMid meet" style="display:block"><circle cx="60" cy="60" r="54" fill="none" stroke="var(--bg-panel-alt)" stroke-width="12"></circle><text x="60" y="60" text-anchor="middle" dominant-baseline="central" fill="var(--ink)" font-family="var(--font-serif)" font-size="26.4" font-weight="400">0%</text></svg>"`;

exports[`Donut > lida com valor 100 (anel cheio) 1`] = `"<svg role="img" aria-label="Donut: 100%" viewBox="0 0 120 120" width="120" height="120" preserveAspectRatio="xMidYMid meet" style="display:block"><circle cx="60" cy="60" r="54" fill="none" stroke="var(--bg-panel-alt)" stroke-width="12"></circle><circle cx="60" cy="60" r="54" fill="none" stroke="var(--accent)" stroke-width="12" stroke-dasharray="339.29200658769764 0" stroke-linecap="butt" transform="rotate(-90 60 60)"></circle><text x="60" y="60" text-anchor="middle" dominant-baseline="central" fill="var(--ink)" font-family="var(--font-serif)" font-size="26.4" font-weight="400">100%</text></svg>"`;

exports[`Donut > renderiza valor típico com defaults 1`] = `"<svg role="img" aria-label="Donut: 34%" viewBox="0 0 120 120" width="120" height="120" preserveAspectRatio="xMidYMid meet" style="display:block"><circle cx="60" cy="60" r="54" fill="none" stroke="var(--bg-panel-alt)" stroke-width="12"></circle><circle cx="60" cy="60" r="54" fill="none" stroke="var(--accent)" stroke-width="12" stroke-dasharray="115.3592822398172 223.93272434788042" stroke-linecap="butt" transform="rotate(-90 60 60)"></circle><text x="60" y="60" text-anchor="middle" dominant-baseline="central" fill="var(--ink)" font-family="var(--font-serif)" font-size="26.4" font-weight="400">34%</text></svg>"`;

exports[`Donut > respeita centerLabel customizado 1`] = `"<svg role="img" aria-label="Donut: 67%" viewBox="0 0 120 120" width="120" height="120" preserveAspectRatio="xMidYMid meet" style="display:block"><circle cx="60" cy="60" r="54" fill="none" stroke="var(--bg-panel-alt)" stroke-width="12"></circle><circle cx="60" cy="60" r="54" fill="none" stroke="var(--accent)" stroke-width="12" stroke-dasharray="227.32564441375743 111.96636217394021" stroke-linecap="butt" transform="rotate(-90 60 60)"></circle><text x="60" y="60" text-anchor="middle" dominant-baseline="central" fill="var(--ink)" font-family="var(--font-serif)" font-size="26.4" font-weight="400">67/100</text></svg>"`;

exports[`Donut > respeita size, strokeWidth e accent customizados 1`] = `"<svg role="img" aria-label="Donut: 75%" viewBox="0 0 180 180" width="180" height="180" preserveAspectRatio="xMidYMid meet" style="display:block"><circle cx="90" cy="90" r="80" fill="none" stroke="var(--bg-panel-alt)" stroke-width="20"></circle><circle cx="90" cy="90" r="80" fill="none" stroke="var(--group-sentimento)" stroke-width="20" stroke-dasharray="376.99111843077515 125.66370614359175" stroke-linecap="butt" transform="rotate(-90 90 90)"></circle><text x="90" y="90" text-anchor="middle" dominant-baseline="central" fill="var(--ink)" font-family="var(--font-serif)" font-size="39.6" font-weight="400">75%</text></svg>"`;
