// Vitest Snapshot v1, https://vitest.dev/guide/snapshot.html

exports[`Gauge > aceita centerLabel customizado e accent 1`] = `"<svg role="img" aria-label="Gauge: 75 de 0 a 100" viewBox="0 0 180 100" width="180" height="100" preserveAspectRatio="xMidYMid meet" style="display:block"><path d="M 6 100 A 84 84 0 0 1 174 100" fill="none" stroke="var(--bg-panel-alt)" stroke-width="12" stroke-linecap="round"></path><path d="M 6 100 A 84 84 0 0 1 149.39696961967 40.603030380330004" fill="none" stroke="var(--group-sentimento)" stroke-width="12" stroke-linecap="round"></path><text x="90" y="84.88" text-anchor="middle" dominant-baseline="central" fill="var(--ink)" font-family="var(--font-serif)" font-size="28.000000000000004" font-weight="400">75/100</text></svg>"`;

exports[`Gauge > aceita escala custom (ex.: 0-5 para Likert) 1`] = `"<svg role="img" aria-label="Gauge: 3 de 0 a 5" viewBox="0 0 180 100" width="180" height="100" preserveAspectRatio="xMidYMid meet" style="display:block"><path d="M 6 100 A 84 84 0 0 1 174 100" fill="none" stroke="var(--bg-panel-alt)" stroke-width="12" stroke-linecap="round"></path><path d="M 6 100 A 84 84 0 0 1 135.0094507782357 29.07645425783072" fill="none" stroke="var(--accent)" stroke-width="12" stroke-linecap="round"></path><text x="90" y="84.88" text-anchor="middle" dominant-baseline="central" fill="var(--ink)" font-family="var(--font-serif)" font-size="28.000000000000004" font-weight="400">3.4</text></svg>"`;

exports[`Gauge > clampa valores fora do range [min,max] > clamped-negative 1`] = `"<svg role="img" aria-label="Gauge: 0 de 0 a 100" viewBox="0 0 180 100" width="180" height="100" preserveAspectRatio="xMidYMid meet" style="display:block"><path d="M 6 100 A 84 84 0 0 1 174 100" fill="none" stroke="var(--bg-panel-alt)" stroke-width="12" stroke-linecap="round"></path><text x="90" y="84.88" text-anchor="middle" dominant-baseline="central" fill="var(--ink)" font-family="var(--font-serif)" font-size="28.000000000000004" font-weight="400">0</text></svg>"`;

exports[`Gauge > clampa valores fora do range [min,max] > clamped-overflow 1`] = `"<svg role="img" aria-label="Gauge: 100 de 0 a 100" viewBox="0 0 180 100" width="180" height="100" preserveAspectRatio="xMidYMid meet" style="display:block"><path d="M 6 100 A 84 84 0 0 1 174 100" fill="none" stroke="var(--bg-panel-alt)" stroke-width="12" stroke-linecap="round"></path><path d="M 6 100 A 84 84 0 0 1 174 99.99999999999999" fill="none" stroke="var(--accent)" stroke-width="12" stroke-linecap="round"></path><text x="90" y="84.88" text-anchor="middle" dominant-baseline="central" fill="var(--ink)" font-family="var(--font-serif)" font-size="28.000000000000004" font-weight="400">100</text></svg>"`;

exports[`Gauge > lida com valor no máximo (arco completo) 1`] = `"<svg role="img" aria-label="Gauge: 100 de 0 a 100" viewBox="0 0 180 100" width="180" height="100" preserveAspectRatio="xMidYMid meet" style="display:block"><path d="M 6 100 A 84 84 0 0 1 174 100" fill="none" stroke="var(--bg-panel-alt)" stroke-width="12" stroke-linecap="round"></path><path d="M 6 100 A 84 84 0 0 1 174 99.99999999999999" fill="none" stroke="var(--accent)" stroke-width="12" stroke-linecap="round"></path><text x="90" y="84.88" text-anchor="middle" dominant-baseline="central" fill="var(--ink)" font-family="var(--font-serif)" font-size="28.000000000000004" font-weight="400">100</text></svg>"`;

exports[`Gauge > lida com valor no mínimo (sem arco preenchido) 1`] = `"<svg role="img" aria-label="Gauge: 0 de 0 a 100" viewBox="0 0 180 100" width="180" height="100" preserveAspectRatio="xMidYMid meet" style="display:block"><path d="M 6 100 A 84 84 0 0 1 174 100" fill="none" stroke="var(--bg-panel-alt)" stroke-width="12" stroke-linecap="round"></path><text x="90" y="84.88" text-anchor="middle" dominant-baseline="central" fill="var(--ink)" font-family="var(--font-serif)" font-size="28.000000000000004" font-weight="400">0</text></svg>"`;

exports[`Gauge > renderiza valor típico com defaults (escala 0-100) 1`] = `"<svg role="img" aria-label="Gauge: 67 de 0 a 100" viewBox="0 0 180 100" width="180" height="100" preserveAspectRatio="xMidYMid meet" style="display:block"><path d="M 6 100 A 84 84 0 0 1 174 100" fill="none" stroke="var(--bg-panel-alt)" stroke-width="12" stroke-linecap="round"></path><path d="M 6 100 A 84 84 0 0 1 132.7594789230312 27.69766973166874" fill="none" stroke="var(--accent)" stroke-width="12" stroke-linecap="round"></path><text x="90" y="84.88" text-anchor="middle" dominant-baseline="central" fill="var(--ink)" font-family="var(--font-serif)" font-size="28.000000000000004" font-weight="400">67</text></svg>"`;

exports[`Gauge > respeita dimensões customizadas 1`] = `"<svg role="img" aria-label="Gauge: 50 de 0 a 100" viewBox="0 0 240 140" width="240" height="140" preserveAspectRatio="xMidYMid meet" style="display:block"><path d="M 6 140 A 114 114 0 0 1 234 140" fill="none" stroke="var(--bg-panel-alt)" stroke-width="12" stroke-linecap="round"></path><path d="M 6 140 A 114 114 0 0 1 120 26" fill="none" stroke="var(--accent)" stroke-width="12" stroke-linecap="round"></path><text x="120" y="119.48" text-anchor="middle" dominant-baseline="central" fill="var(--ink)" font-family="var(--font-serif)" font-size="39.2" font-weight="400">50</text></svg>"`;
