// Vitest Snapshot v1, https://vitest.dev/guide/snapshot.html

exports[`HBarSimple > clampa value > max para 100% sem extrapolar 1`] = `"<svg role="img" aria-label="Overflow: 250 de 100" viewBox="0 0 280 32" width="280" height="32" preserveAspectRatio="xMidYMid meet" style="display:block"><text x="0" y="16" dominant-baseline="middle" fill="var(--ink-soft)" font-family="var(--font-sans)" font-size="12">Overflow</text><rect x="93.60000000000001" y="12" width="131.99999999999997" height="8" fill="var(--bg-panel-alt)"></rect><rect x="93.60000000000001" y="12" width="131.99999999999997" height="8" fill="var(--ink)"></rect><text x="280" y="16" text-anchor="end" dominant-baseline="middle" fill="var(--ink)" font-family="var(--font-mono)" font-size="12">250</text></svg>"`;

exports[`HBarSimple > lida com max=0 sem dividir por zero 1`] = `"<svg role="img" aria-label="Edge: 5 de 0" viewBox="0 0 280 32" width="280" height="32" preserveAspectRatio="xMidYMid meet" style="display:block"><text x="0" y="16" dominant-baseline="middle" fill="var(--ink-soft)" font-family="var(--font-sans)" font-size="12">Edge</text><rect x="93.60000000000001" y="12" width="131.99999999999997" height="8" fill="var(--bg-panel-alt)"></rect><text x="280" y="16" text-anchor="end" dominant-baseline="middle" fill="var(--ink)" font-family="var(--font-mono)" font-size="12">5</text></svg>"`;

exports[`HBarSimple > lida com value=0 (sem fill, mas mostra trilho) 1`] = `"<svg role="img" aria-label="Idle: 0 de 100" viewBox="0 0 280 32" width="280" height="32" preserveAspectRatio="xMidYMid meet" style="display:block"><text x="0" y="16" dominant-baseline="middle" fill="var(--ink-soft)" font-family="var(--font-sans)" font-size="12">Idle</text><rect x="93.60000000000001" y="12" width="131.99999999999997" height="8" fill="var(--bg-panel-alt)"></rect><text x="280" y="16" text-anchor="end" dominant-baseline="middle" fill="var(--ink)" font-family="var(--font-mono)" font-size="12">0</text></svg>"`;

exports[`HBarSimple > renderiza com label, valor e accent default 1`] = `"<svg role="img" aria-label="Northeast: 418 de 1000" viewBox="0 0 280 32" width="280" height="32" preserveAspectRatio="xMidYMid meet" style="display:block"><text x="0" y="16" dominant-baseline="middle" fill="var(--ink-soft)" font-family="var(--font-sans)" font-size="12">Northeast</text><rect x="93.60000000000001" y="12" width="131.99999999999997" height="8" fill="var(--bg-panel-alt)"></rect><rect x="93.60000000000001" y="12" width="55.17599999999999" height="8" fill="var(--ink)"></rect><text x="280" y="16" text-anchor="end" dominant-baseline="middle" fill="var(--ink)" font-family="var(--font-mono)" font-size="12">418</text></svg>"`;

exports[`HBarSimple > renderiza sem label (apenas barra + valor) 1`] = `"<svg role="img" aria-label="Barra: 50 de 100" viewBox="0 0 280 32" width="280" height="32" preserveAspectRatio="xMidYMid meet" style="display:block"><rect x="0" y="12" width="225.6" height="8" fill="var(--bg-panel-alt)"></rect><rect x="0" y="12" width="112.8" height="8" fill="var(--ink)"></rect><text x="280" y="16" text-anchor="end" dominant-baseline="middle" fill="var(--ink)" font-family="var(--font-mono)" font-size="12">50</text></svg>"`;

exports[`HBarSimple > respeita dimensões, accent e valueLabel custom 1`] = `"<svg role="img" aria-label="Top Metro: US$ 875k de 1000" viewBox="0 0 420 48" width="420" height="48" preserveAspectRatio="xMidYMid meet" style="display:block"><text x="0" y="24" dominant-baseline="middle" fill="var(--ink-soft)" font-family="var(--font-sans)" font-size="12">Top Metro</text><rect x="138.4" y="20" width="202.00000000000003" height="8" fill="var(--bg-panel-alt)"></rect><rect x="138.4" y="20" width="176.75000000000003" height="8" fill="var(--group-precos)"></rect><text x="420" y="24" text-anchor="end" dominant-baseline="middle" fill="var(--ink)" font-family="var(--font-mono)" font-size="12">US$ 875k</text></svg>"`;
